2026-09-06T01:00:51+00:00  === capture start  symbols=SPX SPY QQQ IWM
2026-09-06T01:00:53+00:00  SPX: 28,024 contracts -> SPX.parquet
2026-09-06T01:00:53+00:00  SPX: spot 7,718.60  netGEX 9.26Bn  flip 7697.6814  walls 7800.0/7600.0  positive
2026-09-06T01:00:54+00:00  SPY: 11,966 contracts -> SPY.parquet
2026-09-06T01:00:54+00:00  SPY: spot 770.19  netGEX -2.42Bn  flip 771.7107  walls 780.0/760.0  negative
2026-09-06T01:00:55+00:00  QQQ: 10,384 contracts -> QQQ.parquet
2026-09-06T01:00:55+00:00  QQQ: spot 717.50  netGEX -0.43Bn  flip 718.9568  walls 725.0/700.0  negative
2026-09-06T01:00:55+00:00  IWM: 4,792 contracts -> IWM.parquet
2026-09-06T01:00:55+00:00  IWM: spot 296.01  netGEX -1.83Bn  flip 300.0318  walls 300.0/290.0  negative
2026-09-06T01:00:55+00:00  appended 4 metric row(s)
2026-09-06T01:00:55+00:00  === capture done  ok=4  failed=0
2026-09-06T01:06:22+00:00  === capture start  symbols=SPX SPY QQQ IWM
2026-09-06T01:06:24+00:00  SPX: feed_ts 2026-09-05 03:44:36 already captured, skipping
2026-09-06T01:06:25+00:00  SPY: feed_ts 2026-09-05 06:00:28 already captured, skipping
2026-09-06T01:06:26+00:00  QQQ: feed_ts 2026-09-05 03:44:40 already captured, skipping
2026-09-06T01:06:27+00:00  IWM: feed_ts 2026-09-05 03:44:35 already captured, skipping
2026-09-06T01:06:27+00:00  === capture done  ok=0  failed=0
2026-09-06T11:35:44+00:00  === capture start  symbols=SPX SPY QQQ IWM
2026-09-06T11:35:45+00:00  SPX: feed_ts 2026-09-05 03:44:36 already captured, skipping
2026-09-06T11:35:46+00:00  SPY: feed_ts 2026-09-05 06:00:28 already captured, skipping
2026-09-06T11:35:47+00:00  QQQ: feed_ts 2026-09-05 03:44:40 already captured, skipping
2026-09-06T11:35:47+00:00  IWM: feed_ts 2026-09-05 03:44:35 already captured, skipping
2026-09-06T11:35:47+00:00  === capture done  ok=0  failed=0
2026-09-07T11:39:53+00:00  === capture start  symbols=SPX SPY QQQ IWM
2026-09-07T11:39:54+00:00  SPX: 28,444 contracts -> SPX.parquet
2026-09-07T11:39:54+00:00  SPX: spot 7,718.60  netGEX 0.79Bn  flip 7704.5341  walls 7800.0/7600.0  positive
2026-09-07T11:39:55+00:00  SPY: 12,086 contracts -> SPY.parquet
2026-09-07T11:39:55+00:00  SPY: spot 770.19  netGEX -2.99Bn  flip 771.0085  walls 780.0/760.0  negative
2026-09-07T11:39:56+00:00  QQQ: 10,504 contracts -> QQQ.parquet
2026-09-07T11:39:56+00:00  QQQ: spot 717.50  netGEX -0.97Bn  flip 719.4268  walls 725.0/700.0  negative
2026-09-07T11:39:56+00:00  IWM: 4,912 contracts -> IWM.parquet
2026-09-07T11:39:56+00:00  IWM: spot 296.01  netGEX -1.62Bn  flip 298.2493  walls 300.0/290.0  negative
2026-09-07T11:39:56+00:00  appended 4 metric row(s)
2026-09-07T11:39:56+00:00  === capture done  ok=4  failed=0
2026-09-08T11:38:57+00:00  === capture start  symbols=SPX SPY QQQ IWM
2026-09-08T11:38:59+00:00  SPX: 28,444 contracts -> SPX.parquet
2026-09-08T11:38:59+00:00  SPX: spot 7,718.60  netGEX -14.14Bn  flip 7704.0789  walls 7800.0/7600.0  negative
2026-09-08T11:39:00+00:00  SPY: 12,086 contracts -> SPY.parquet
2026-09-08T11:39:00+00:00  SPY: spot 767.88  netGEX -2.97Bn  flip 771.0327  walls 780.0/760.0  negative
2026-09-08T11:39:01+00:00  QQQ: 10,504 contracts -> QQQ.parquet
2026-09-08T11:39:01+00:00  QQQ: spot 718.51  netGEX -0.97Bn  flip 719.1481  walls 730.0/700.0  negative
2026-09-08T11:39:01+00:00  IWM: 4,912 contracts -> IWM.parquet
2026-09-08T11:39:01+00:00  IWM: spot 295.05  netGEX -1.61Bn  flip 297.8614  walls 300.0/290.0  negative
2026-09-08T11:39:01+00:00  appended 4 metric row(s)
2026-09-08T11:39:01+00:00  === capture done  ok=4  failed=0
2026-09-09T11:39:07+00:00  === capture start  symbols=SPX SPY QQQ IWM
2026-09-09T11:39:09+00:00  SPX: 28,674 contracts -> SPX.parquet
2026-09-09T11:39:09+00:00  SPX: spot 7,673.52  netGEX -46.49Bn  flip 7690.7602  walls 7800.0/7500.0  negative
2026-09-09T11:39:10+00:00  SPY: 11,816 contracts -> SPY.parquet
2026-09-09T11:39:10+00:00  SPY: spot 763.21  netGEX -5.99Bn  flip 768.6373  walls 775.0/755.0  negative
2026-09-09T11:39:10+00:00  QQQ: 10,170 contracts -> QQQ.parquet
2026-09-09T11:39:10+00:00  QQQ: spot 714.96  netGEX -1.39Bn  flip 719.9733  walls 725.0/700.0  negative
2026-09-09T11:39:10+00:00  IWM: 4,840 contracts -> IWM.parquet
2026-09-09T11:39:10+00:00  IWM: spot 292.89  netGEX -2.41Bn  flip 299.4848  walls 300.0/285.0  negative
2026-09-09T11:39:10+00:00  appended 4 metric row(s)
2026-09-09T11:39:10+00:00  === capture done  ok=4  failed=0
2026-09-10T11:39:07+00:00  === capture start  symbols=SPX SPY QQQ IWM
2026-09-10T11:39:09+00:00  SPX: 28,746 contracts -> SPX.parquet
2026-09-10T11:39:09+00:00  SPX: spot 7,636.36  netGEX -35.35Bn  flip 7674.6184  walls 7750.0/7500.0  negative
2026-09-10T11:39:10+00:00  SPY: 13,296 contracts -> SPY.parquet
2026-09-10T11:39:10+00:00  SPY: spot 762.59  netGEX -7.95Bn  flip 767.2649  walls 775.0/750.0  negative
2026-09-10T11:39:11+00:00  QQQ: 11,686 contracts -> QQQ.parquet
2026-09-10T11:39:11+00:00  QQQ: spot 713.57  netGEX -1.68Bn  flip 718.6385  walls 725.0/700.0  negative
2026-09-10T11:39:11+00:00  IWM: 5,556 contracts -> IWM.parquet
2026-09-10T11:39:11+00:00  IWM: spot 291.15  netGEX -3.36Bn  flip 297.7802  walls 295.0/285.0  negative
2026-09-10T11:39:11+00:00  appended 4 metric row(s)
2026-09-10T11:39:11+00:00  === capture done  ok=4  failed=0
2026-09-11T11:37:54+00:00  === capture start  symbols=SPX SPY QQQ IWM
2026-09-11T11:37:56+00:00  SPX: 29,162 contracts -> SPX.parquet
2026-09-11T11:37:56+00:00  SPX: spot 7,591.70  netGEX -22.28Bn  flip 7658.5677  walls 7700.0/7500.0  negative
2026-09-11T11:37:57+00:00  SPY: 13,228 contracts -> SPY.parquet
2026-09-11T11:37:57+00:00  SPY: spot 762.14  netGEX -11.99Bn  flip 766.3996  walls 770.0/750.0  negative
2026-09-11T11:37:58+00:00  QQQ: 11,586 contracts -> QQQ.parquet
2026-09-11T11:37:58+00:00  QQQ: spot 712.64  netGEX -3.58Bn  flip 715.2601  walls 720.0/700.0  negative
2026-09-11T11:37:58+00:00  IWM: 5,680 contracts -> IWM.parquet
2026-09-11T11:37:58+00:00  IWM: spot 289.77  netGEX -3.70Bn  flip 296.8688  walls 295.0/285.0  negative
2026-09-11T11:37:58+00:00  appended 4 metric row(s)
2026-09-11T11:37:58+00:00  === capture done  ok=4  failed=0
2026-09-12T11:35:43+00:00  === capture start  symbols=SPX SPY QQQ IWM
2026-09-12T11:35:44+00:00  SPX: 28,532 contracts -> SPX.parquet
2026-09-12T11:35:44+00:00  SPX: spot 7,656.98  netGEX -14.59Bn  flip 7677.1205  walls 7750.0/7500.0  negative
2026-09-12T11:35:45+00:00  SPY: 12,838 contracts -> SPY.parquet
2026-09-12T11:35:45+00:00  SPY: spot 764.29  netGEX -5.27Bn  flip 768.5942  walls 775.0/750.0  negative
2026-09-12T11:35:47+00:00  QQQ: 11,162 contracts -> QQQ.parquet
2026-09-12T11:35:47+00:00  QQQ: spot 714.89  netGEX -1.70Bn  flip 718.7405  walls 725.0/700.0  negative
2026-09-12T11:35:47+00:00  IWM: 5,404 contracts -> IWM.parquet
2026-09-12T11:35:47+00:00  IWM: spot 288.89  netGEX -3.58Bn  flip 296.7291  walls 295.0/285.0  negative
2026-09-12T11:35:47+00:00  appended 4 metric row(s)
2026-09-12T11:35:47+00:00  === capture done  ok=4  failed=0
2026-09-12T23:34:46+00:00  === capture start  symbols=SPX SPY QQQ IWM
2026-09-12T23:34:48+00:00  SPX: 28,532 contracts -> SPX.parquet
2026-09-12T23:34:48+00:00  SPX: spot 7,656.98  netGEX -14.62Bn  flip 7676.4103  walls 7750.0/7500.0  negative
2026-09-12T23:34:49+00:00  SPY: feed_ts 2026-09-12 10:14:30 already captured, skipping
2026-09-12T23:34:49+00:00  QQQ: 11,162 contracts -> QQQ.parquet
2026-09-12T23:34:49+00:00  QQQ: spot 714.89  netGEX -1.71Bn  flip 718.6211  walls 725.0/700.0  negative
2026-09-12T23:34:50+00:00  IWM: feed_ts 2026-09-12 03:44:37 already captured, skipping
2026-09-12T23:34:50+00:00  appended 2 metric row(s)
2026-09-12T23:34:50+00:00  === capture done  ok=2  failed=0
2026-09-12T23:40:44+00:00  === capture start  symbols=SPX SPY QQQ IWM
2026-09-12T23:40:45+00:00  SPX: feed_ts 2026-09-12 18:49:37 already captured, skipping
2026-09-12T23:40:46+00:00  SPY: feed_ts 2026-09-12 10:14:30 already captured, skipping
2026-09-12T23:40:47+00:00  QQQ: feed_ts 2026-09-12 18:43:40 already captured, skipping
2026-09-12T23:40:47+00:00  IWM: feed_ts 2026-09-12 03:44:37 already captured, skipping
2026-09-12T23:40:47+00:00  === capture done  ok=0  failed=0
